{
  "resource_metrics": [
    {
      "resource": {
        "attributes": [
          {
            "key": "aws.cloudfront.distribution_id",
            "value": {
              "Value": {
                "StringValue": "EMLARXS9EXAMPLE"
              }
            }
          },
          {
            "key": "service.name",
            "value": {
              "Value": {
                "StringValue": "Amazon CloudFront"
              }
            }
          }
        ]
      },
      "scope_metrics": [
        {
          "scope": {},
          "metrics": [
            {
              "name": "http.server.http_requests",
              "description": "The request count of HTTP requests",
              "unit": "ms",
              "Data": {
                "Sum": {
                  "data_points": [
                    {
                      "attributes": [
                        {
                          "key": "http.status_code",
                          "value": {
                            "Value": {
                              "StringValue": "4xx"
                            }
                          }
                        }
                      ],
                      "start_time_unix_nano": 1575239940000000000,
                      "time_unix_nano": 1575240000000000000,
                      "Value": {
                        "AsInt": 3
                      }
                    },
                    {
                      "attributes": [
                        {
                          "key": "http.status_code",
                          "value": {
                            "Value": {
                              "StringValue": "2xx"
                            }
                          }
                        }
                      ],
                      "start_time_unix_nano": 1575240120000000000,
                      "time_unix_nano": 1575240180000000000,
                      "Value": {
                        "AsInt": 3
                      }
                    },
                    {
                      "attributes": [
                        {
                          "key": "http.status_code",
                          "value": {
                            "Value": {
                              "StringValue": "5xx"
                            }
                          }
                        }
                      ],
                      "start_time_unix_nano": 1575240660000000000,
                      "time_unix_nano": 1575240720000000000,
                      "Value": {
                        "AsInt": 3
                      }
                    }
                  ],
                  "aggregation_temporality": 1,
                  "is_monotonic": true
                }
              }
            }
          ]
        }
      ]
    }
  ]
}