{
  "Resource": [
    {
      "Key": "aws.cloudfront.distribution_id",
      "Value": {
        "Type": "STRING",
        "Value": "EMLARXS9EXAMPLE"
      }
    },
    {
      "Key": "service.name",
      "Value": {
        "Type": "STRING",
        "Value": "Amazon CloudFront"
      }
    }
  ],
  "ScopeMetrics": [
    {
      "Scope": {
        "Name": "test",
        "Version": "",
        "SchemaURL": ""
      },
      "Metrics": [
        {
          "Name": "http.server.5xx_requests",
          "Description": "The number of HTTP requests with status code 5xx",
          "Unit": "",
          "Data": {
            "DataPoints": [
              {
                "Attributes": [],
                "StartTime": "2019-12-01T22:51:00Z",
                "Time": "2019-12-01T22:52:00Z",
                "Value": 3
              }
            ],
            "Temporality": "DeltaTemporality",
            "IsMonotonic": true
          }
        }
      ]
    }
  ]
}