{
  "Resource": [
    {
      "Key": "aws.cloudfront.distribution_id",
      "Value": {
        "Type": "STRING",
        "Value": "EMLARXS9EXAMPLE"
      }
    },
    {
      "Key": "service.name",
      "Value": {
        "Type": "STRING",
        "Value": "Amazon CloudFront"
      }
    }
  ],
  "ScopeMetrics": [
    {
      "Scope": {
        "Name": "test",
        "Version": "",
        "SchemaURL": ""
      },
      "Metrics": [
        {
          "Name": "http.server.request_time",
          "Description": "The request time of HTTP requests",
          "Unit": "ms",
          "Data": {
            "DataPoints": [
              {
                "Attributes": [],
                "StartTime": "2019-12-01T22:42:00Z",
                "Time": "2019-12-01T22:43:00Z",
                "Count": 3,
                "Bounds": [
                  0,
                  5,
                  10,
                  25,
                  50,
                  75,
                  100,
                  250,
                  500,
                  750,
                  1000,
                  2500,
                  5000,
                  7500,
                  10000
                ],
                "BucketCounts": [
                  0,
                  3,
                  0,
                  0,
                  0,
                  0,
                  0,
                  0,
                  0,
                  0,
                  0,
                  0,
                  0,
                  0,
                  0,
                  0
                ],
                "Min": 0,
                "Max": 1,
                "Sum": 2
              },
              {
                "Attributes": [],
                "StartTime": "2019-12-01T22:51:00Z",
                "Time": "2019-12-01T22:52:00Z",
                "Count": 3,
                "Bounds": [
                  0,
                  5,
                  10,
                  25,
                  50,
                  75,
                  100,
                  250,
                  500,
                  750,
                  1000,
                  2500,
                  5000,
                  7500,
                  10000
                ],
                "BucketCounts": [
                  0,
                  0,
                  0,
                  0,
                  0,
                  0,
                  0,
                  3,
                  0,
                  0,
                  0,
                  0,
                  0,
                  0,
                  0,
                  0
                ],
                "Min": 102,
                "Max": 107,
                "Sum": 312
              }
            ],
            "Temporality": "DeltaTemporality"
          }
        }
      ]
    }
  ]
}