{
  "Resource": [
    {
      "Key": "aws.cloudfront.distribution_id",
      "Value": {
        "Type": "STRING",
        "Value": "EMLARXS9EXAMPLE"
      }
    },
    {
      "Key": "service.name",
      "Value": {
        "Type": "STRING",
        "Value": "Amazon CloudFront"
      }
    }
  ],
  "ScopeMetrics": [
    {
      "Scope": {
        "Name": "test",
        "Version": "1.0.0",
        "SchemaURL": "https://example.com/schemas/1.0.0"
      },
      "Metrics": [
        {
          "Name": "http.server.requests",
          "Description": "The number of HTTP requests",
          "Unit": "",
          "Data": {
            "DataPoints": [
              {
                "Attributes": [
                  {
                    "Key": "http.status_code",
                    "Value": {
                      "Type": "STRING",
                      "Value": "2xx"
                    }
                  }
                ],
                "StartTime": "2019-12-01T22:42:00Z",
                "Time": "2019-12-01T22:43:00Z",
                "Value": 3
              },
              {
                "Attributes": [
                  {
                    "Key": "http.status_code",
                    "Value": {
                      "Type": "STRING",
                      "Value": "3xx"
                    }
                  }
                ],
                "StartTime": "2019-12-01T22:42:00Z",
                "Time": "2019-12-01T22:43:00Z",
                "Value": 0
              },
              {
                "Attributes": [
                  {
                    "Key": "http.status_code",
                    "Value": {
                      "Type": "STRING",
                      "Value": "4xx"
                    }
                  }
                ],
                "StartTime": "2019-12-01T22:42:00Z",
                "Time": "2019-12-01T22:43:00Z",
                "Value": 0
              },
              {
                "Attributes": [
                  {
                    "Key": "http.status_code",
                    "Value": {
                      "Type": "STRING",
                      "Value": "5xx"
                    }
                  }
                ],
                "StartTime": "2019-12-01T22:42:00Z",
                "Time": "2019-12-01T22:43:00Z",
                "Value": 0
              },
              {
                "Attributes": [
                  {
                    "Key": "http.status_code",
                    "Value": {
                      "Type": "STRING",
                      "Value": "5xx"
                    }
                  }
                ],
                "StartTime": "2019-12-01T22:51:00Z",
                "Time": "2019-12-01T22:52:00Z",
                "Value": 3
              },
              {
                "Attributes": [
                  {
                    "Key": "http.status_code",
                    "Value": {
                      "Type": "STRING",
                      "Value": "2xx"
                    }
                  }
                ],
                "StartTime": "2019-12-01T22:51:00Z",
                "Time": "2019-12-01T22:52:00Z",
                "Value": 0
              },
              {
                "Attributes": [
                  {
                    "Key": "http.status_code",
                    "Value": {
                      "Type": "STRING",
                      "Value": "3xx"
                    }
                  }
                ],
                "StartTime": "2019-12-01T22:51:00Z",
                "Time": "2019-12-01T22:52:00Z",
                "Value": 0
              },
              {
                "Attributes": [
                  {
                    "Key": "http.status_code",
                    "Value": {
                      "Type": "STRING",
                      "Value": "4xx"
                    }
                  }
                ],
                "StartTime": "2019-12-01T22:51:00Z",
                "Time": "2019-12-01T22:52:00Z",
                "Value": 0
              }
            ],
            "Temporality": "DeltaTemporality",
            "IsMonotonic": true
          }
        }
      ]
    }
  ]
}